STEP1_START 2026-09-27T05:03:39+00:00 gpu=1 rel=1e-3
EUROC w4_uniform V1_01_easy done 2026-09-27T05:14:56+00:00
EUROC w4_uniform MH_01_easy done 2026-09-27T05:30:19+00:00
EUROC w4_uniform MH_02_easy done 2026-09-27T05:43:21+00:00
TUM noise n1 done 2026-09-27T05:44:06+00:00
EUROC w4_uniform V1_02_medium done 2026-09-27T05:50:39+00:00
EUROC w4_uniform V2_01_easy done 2026-09-27T05:59:08+00:00
EUROC w4_mag V1_01_easy done 2026-09-27T06:10:14+00:00
TUM noise n2 done 2026-09-27T06:22:51+00:00
EUROC w4_mag MH_01_easy done 2026-09-27T06:23:59+00:00
EUROC w4_mag MH_02_easy done 2026-09-27T06:32:25+00:00
EUROC w4_mag V1_02_medium done 2026-09-27T06:37:20+00:00
EUROC w4_mag V2_01_easy done 2026-09-27T06:43:27+00:00
TUM noise n3 done 2026-09-27T06:51:17+00:00
EUROC noise n1 V1_01_easy done 2026-09-27T06:51:59+00:00
EUROC noise n1 MH_01_easy done 2026-09-27T07:02:40+00:00
EUROC noise n1 MH_02_easy done 2026-09-27T07:11:40+00:00
EUROC noise n1 V1_02_medium done 2026-09-27T07:17:36+00:00
TUM noise n4 done 2026-09-27T07:22:00+00:00
TUM_STREAM_DONE 2026-09-27T07:22:00+00:00
EUROC noise n1 V2_01_easy done 2026-09-27T07:24:28+00:00
EUROC noise n2 V1_01_easy done 2026-09-27T07:31:51+00:00
EUROC noise n2 MH_01_easy done 2026-09-27T07:41:13+00:00
EUROC noise n2 MH_02_easy done 2026-09-27T07:48:45+00:00
EUROC noise n2 V1_02_medium done 2026-09-27T07:53:06+00:00
EUROC noise n2 V2_01_easy done 2026-09-27T07:58:17+00:00
EUROC noise n3 V1_01_easy done 2026-09-27T08:05:14+00:00
EUROC noise n3 MH_01_easy done 2026-09-27T08:14:11+00:00
EUROC noise n3 MH_02_easy done 2026-09-27T08:21:50+00:00
EUROC noise n3 V1_02_medium done 2026-09-27T08:26:15+00:00
EUROC noise n3 V2_01_easy done 2026-09-27T08:31:12+00:00
EUROC noise n4 V1_01_easy done 2026-09-27T08:37:40+00:00
EUROC noise n4 MH_01_easy done 2026-09-27T08:46:18+00:00
EUROC noise n4 MH_02_easy done 2026-09-27T08:53:51+00:00
EUROC noise n4 V1_02_medium done 2026-09-27T08:58:30+00:00
EUROC noise n4 V2_01_easy done 2026-09-27T09:04:12+00:00
EUROC_STREAM_DONE 2026-09-27T09:04:12+00:00
STEP1_DONE 2026-09-27T09:04:12+00:00 euroc_rc=0 tum_rc=0
